// Jest Snapshot v1, https://goo.gl/fbAQLP

exports[`Budgeting Proposal List component renders a list when there are no items 1`] = `
<DocumentFragment>
  <div
    class="l-wrapper u-spacer-bottom u-spacer-top-double"
  >
    <div
      class="l-center-8"
    >
      <div
        class="control-bar"
      >
        <div
          class="control-bar-item"
        >
          <div
            class="btn-group__container"
          >
            <div
              class="btn-group"
              role="group"
            >
              <div
                aria-label="mock text"
                class="btn btn--light switch--btn active"
              >
                <i
                  aria-hidden="true"
                  class="fa fa-list"
                />
                <span>
                   
                </span>
                <span>
                  mock text
                </span>
              </div>
              <a
                aria-label="mock text"
                class="btn btn--light"
                href="?mode=map"
              >
                <i
                  aria-hidden="true"
                  class="fa fa-map"
                />
                <span>
                   
                </span>
                <span>
                  mock text
                </span>
              </a>
            </div>
          </div>
        </div>
      </div>
    </div>
  </div>
  <div
    class="module-content--light"
  >
    <div
      class="l-wrapper"
    >
      <div
        class="l-center-8"
      >
        <span>
          mock text
        </span>
      </div>
    </div>
  </div>
</DocumentFragment>
`;
