// Jest Snapshot v1, https://goo.gl/fbAQLP

exports[`Budgeting Proposal List component renders a list when there are no items 1`] = `
<DocumentFragment>
  <div
    class="l-wrapper u-spacer-bottom u-spacer-top-double"
  >
    <div
      class="l-center-8"
    >
      <div
        class="control-bar"
      >
        <div
          class="dropdown control-bar__right"
        >
          <button
            aria-expanded="false"
            aria-haspopup="true"
            class="dropdown-toggle btn btn--light btn--select"
            data-bs-toggle="dropdown"
            data-flip="false"
            id="id_category"
            type="button"
          >
            mock text
            <i
              aria-hidden="true"
              class="fa fa-caret-down"
            />
          </button>
          <ul
            aria-labelledby="id_category"
            class="dropdown-menu"
          >
            <li>
              <button>
                mock text
              </button>
            </li>
            <li>
              <button>
                mock text
              </button>
            </li>
            <li>
              <button>
                mock text
              </button>
            </li>
          </ul>
        </div>
        <div
          class="dropdown"
        >
          <button
            aria-expanded="false"
            aria-haspopup="true"
            class="dropdown-toggle btn btn--light btn--select"
            data-bs-toggle="dropdown"
            data-flip="false"
            id="id_category"
            type="button"
          >
            Archived
            <i
              aria-hidden="true"
              class="fa fa-caret-down"
            />
          </button>
          <ul
            aria-labelledby="id_category"
            class="dropdown-menu"
          >
            <li>
              <button>
                All
              </button>
            </li>
            <li>
              <button>
                Nein
              </button>
            </li>
            <li>
              <button>
                Ja
              </button>
            </li>
          </ul>
        </div>
        <div
          class="dropdown"
        >
          <button
            aria-expanded="false"
            aria-haspopup="true"
            class="dropdown-toggle btn btn--light btn--select"
            data-bs-toggle="dropdown"
            data-flip="false"
            id="id_category"
            type="button"
          >
            Category
            <i
              aria-hidden="true"
              class="fa fa-caret-down"
            />
          </button>
          <ul
            aria-labelledby="id_category"
            class="dropdown-menu"
          >
            <li>
              <button>
                Any
              </button>
            </li>
            <li>
              <button>
                candalf
              </button>
            </li>
          </ul>
        </div>
      </div>
    </div>
  </div>
  <div
    class="module-content--light"
  >
    <div
      class="l-wrapper"
    >
      <div
        class="l-center-8"
      >
        <span>
          mock text
        </span>
      </div>
    </div>
  </div>
</DocumentFragment>
`;
