// Jest Snapshot v1, https://goo.gl/fbAQLP

exports[`RatingBox custom render component renders with custom children 1`] = `
<div
  data-testid="custom-rating-box"
>
  {"ratings":{"negative":0,"positive":1},"userRatingData":{"userHasRating":false,"userRating":null,"userRatingId":null}}
  <button>
    dislike
  </button>
</div>
`;
