// Jest Snapshot v1, https://goo.gl/fbAQLP

exports[`CommentBox Component comments are fetched and loading spinners is hidden 1`] = `
{
  "asFragment": [Function],
  "baseElement": <body>
    <div>
      <section>
        <div
          class="a4-comments__commentbox__form"
        >
          <div
            class="a4-comments__alert"
          >
            The currently active phase doesn't allow to comment.
          </div>
        </div>
        <div>
          <h3
            class="a4-comments__commentbox__subtitle"
          >
            Discussion
          </h3>
          <div
            class="a4-comments__comment-control-bar"
          >
            <div
              class="form-group form-group--inline"
            >
              <div
                class="form-group"
              >
                <form
                  class="a4-control-bar__search__form"
                >
                  <div
                    class="form-group"
                  >
                    <label
                      class="form-label"
                      for="searchterm"
                    >
                      Search
                    </label>
                    <div
                      class="a4-control-bar__search__term"
                    >
                      <div
                        class="input-wrapper"
                      >
                        <i
                          aria-hidden="true"
                          class="a4-control-bar__search__logo-start"
                        />
                        <input
                          class="form-control a4-control-bar__search__input"
                          id="searchterm"
                          placeholder=""
                          type="search"
                          value=""
                        />
                      </div>
                      <button
                        class="a4-control-bar__search__input-submit"
                        title="Start search"
                        type="submit"
                      >
                        <span
                          class="a4-sr-only"
                        >
                          Start search
                        </span>
                        <i
                          aria-hidden="true"
                          class="a4-control-bar__search__logo-end"
                        />
                      </button>
                    </div>
                  </div>
                </form>
              </div>
              <div
                class="form-group"
              >
                <div
                  class="a4-control-bar__sorting"
                >
                  <div
                    class="form-group a4-forms__select"
                  >
                    <label
                      class="form-label a4-forms__select__label"
                      for="id_ordering"
                    >
                      Ordering
                    </label>
                    <div
                      class="a4-forms__select__wrapper"
                    >
                      <select
                        class="form-control a4-forms__select__input"
                        id="id_ordering"
                      >
                        <option
                          value="new"
                        >
                          Newest
                        </option>
                        <option
                          value="pos"
                        >
                          Most up votes
                        </option>
                        <option
                          value="neg"
                        >
                          Most down votes
                        </option>
                        <option
                          value="ans"
                        >
                          Most answers
                        </option>
                        <option
                          value="dis"
                        >
                          Last discussed
                        </option>
                      </select>
                    </div>
                  </div>
                </div>
              </div>
            </div>
          </div>
        </div>
        <ul
          class="u-list-reset a4-comments"
        />
        <div
          class="d-none"
        >
          <i
            aria-hidden="true"
            class="fa fa-spinner fa-pulse"
          />
          <span
            class="a4-sr-only"
          >
            Loading...
          </span>
        </div>
      </section>
    </div>
  </body>,
  "container": <div>
    <section>
      <div
        class="a4-comments__commentbox__form"
      >
        <div
          class="a4-comments__alert"
        >
          The currently active phase doesn't allow to comment.
        </div>
      </div>
      <div>
        <h3
          class="a4-comments__commentbox__subtitle"
        >
          Discussion
        </h3>
        <div
          class="a4-comments__comment-control-bar"
        >
          <div
            class="form-group form-group--inline"
          >
            <div
              class="form-group"
            >
              <form
                class="a4-control-bar__search__form"
              >
                <div
                  class="form-group"
                >
                  <label
                    class="form-label"
                    for="searchterm"
                  >
                    Search
                  </label>
                  <div
                    class="a4-control-bar__search__term"
                  >
                    <div
                      class="input-wrapper"
                    >
                      <i
                        aria-hidden="true"
                        class="a4-control-bar__search__logo-start"
                      />
                      <input
                        class="form-control a4-control-bar__search__input"
                        id="searchterm"
                        placeholder=""
                        type="search"
                        value=""
                      />
                    </div>
                    <button
                      class="a4-control-bar__search__input-submit"
                      title="Start search"
                      type="submit"
                    >
                      <span
                        class="a4-sr-only"
                      >
                        Start search
                      </span>
                      <i
                        aria-hidden="true"
                        class="a4-control-bar__search__logo-end"
                      />
                    </button>
                  </div>
                </div>
              </form>
            </div>
            <div
              class="form-group"
            >
              <div
                class="a4-control-bar__sorting"
              >
                <div
                  class="form-group a4-forms__select"
                >
                  <label
                    class="form-label a4-forms__select__label"
                    for="id_ordering"
                  >
                    Ordering
                  </label>
                  <div
                    class="a4-forms__select__wrapper"
                  >
                    <select
                      class="form-control a4-forms__select__input"
                      id="id_ordering"
                    >
                      <option
                        value="new"
                      >
                        Newest
                      </option>
                      <option
                        value="pos"
                      >
                        Most up votes
                      </option>
                      <option
                        value="neg"
                      >
                        Most down votes
                      </option>
                      <option
                        value="ans"
                      >
                        Most answers
                      </option>
                      <option
                        value="dis"
                      >
                        Last discussed
                      </option>
                    </select>
                  </div>
                </div>
              </div>
            </div>
          </div>
        </div>
      </div>
      <ul
        class="u-list-reset a4-comments"
      />
      <div
        class="d-none"
      >
        <i
          aria-hidden="true"
          class="fa fa-spinner fa-pulse"
        />
        <span
          class="a4-sr-only"
        >
          Loading...
        </span>
      </div>
    </section>
  </div>,
  "debug": [Function],
  "findAllByAltText": [Function],
  "findAllByDisplayValue": [Function],
  "findAllByLabelText": [Function],
  "findAllByPlaceholderText": [Function],
  "findAllByRole": [Function],
  "findAllByTestId": [Function],
  "findAllByText": [Function],
  "findAllByTitle": [Function],
  "findByAltText": [Function],
  "findByDisplayValue": [Function],
  "findByLabelText": [Function],
  "findByPlaceholderText": [Function],
  "findByRole": [Function],
  "findByTestId": [Function],
  "findByText": [Function],
  "findByTitle": [Function],
  "getAllByAltText": [Function],
  "getAllByDisplayValue": [Function],
  "getAllByLabelText": [Function],
  "getAllByPlaceholderText": [Function],
  "getAllByRole": [Function],
  "getAllByTestId": [Function],
  "getAllByText": [Function],
  "getAllByTitle": [Function],
  "getByAltText": [Function],
  "getByDisplayValue": [Function],
  "getByLabelText": [Function],
  "getByPlaceholderText": [Function],
  "getByRole": [Function],
  "getByTestId": [Function],
  "getByText": [Function],
  "getByTitle": [Function],
  "queryAllByAltText": [Function],
  "queryAllByDisplayValue": [Function],
  "queryAllByLabelText": [Function],
  "queryAllByPlaceholderText": [Function],
  "queryAllByRole": [Function],
  "queryAllByTestId": [Function],
  "queryAllByText": [Function],
  "queryAllByTitle": [Function],
  "queryByAltText": [Function],
  "queryByDisplayValue": [Function],
  "queryByLabelText": [Function],
  "queryByPlaceholderText": [Function],
  "queryByRole": [Function],
  "queryByTestId": [Function],
  "queryByText": [Function],
  "queryByTitle": [Function],
  "rerender": [Function],
  "unmount": [Function],
}
`;
